err => console.error(`WRITING ERROR: ${err}`)BE0465281680
